[program
  [fun-declaration
    [void]
    [main]
    [params]
    [compound-stmt 
      [iteration-stmt  [1]
        [compound-stmt 
        ]
      ]
    ]
  ]
]
