[program
  [fun-declaration
    [void]
    [foo]
    [params 
      [param [int] [a] [\[\]]]]
    [compound-stmt 
      [= [var [a] [0]] [1]]
    ]
  ]
  [fun-declaration
    [void]
    [main]
    [params]
    [compound-stmt 
    ]
  ]
]
