[program
  [fun-declaration
    [void]
    [foo]
    [params]
    [compound-stmt 
    ]
  ]
  [fun-declaration
    [void]
    [bar]
    [params 
      [param [int] [foo]]]
    [compound-stmt 
    ]
  ]
  [fun-declaration
    [void]
    [main]
    [params]
    [compound-stmt 
    ]
  ]
]
