[program
  [fun-declaration
    [void]
    [main]
    [params]
    [compound-stmt 
      [return-stmt]
    ]
  ]
]
