[program
  [fun-declaration
    [void]
    [foo]
    [params]
    [compound-stmt 
      [+  [1] [1]]
      [*  [2] [2]]
    ]
  ]
  [fun-declaration
    [void]
    [main]
    [params]
    [compound-stmt 
    ]
  ]
]
