[program
  [fun-declaration
    [int]
    [foo]
    [params]
    [compound-stmt 
      [return-stmt [1]]
    ]
  ]
  [fun-declaration
    [void]
    [main]
    [params]
    [compound-stmt 
      [return-stmt]
    ]
  ]
]
