[program
  [var-declaration [int] [var1] [10]]
  [fun-declaration
    [void]
    [main]
    [params]
    [compound-stmt 
    ]
  ]
]
