[program
  [fun-declaration
    [void]
    [main]
    [params]
    [compound-stmt 
      [selection-stmt 
        [==  [1] [1]]
        [selection-stmt 
          [==  [2] [2]]
          [+  [3] [3]]
          [+  [4] [4]]
        ]
      ]
    ]
  ]
]
