[program
  [fun-declaration
    [void]
    [main]
    [params]
    [compound-stmt 
      [+ 
        [+ 
          [+  [1] [2]] [3]] [4]]
      [- 
        [- 
          [-  [1] [2]] [3]] [4]]
      [* 
        [* 
          [*  [1] [2]] [3]] [4]]
      [/ 
        [/ 
          [/  [1] [2]] [3]] [4]]
      [+ 
        [-  [1] [2]] [3]]
      [- 
        [+  [1] [2]] [3]]
      [/ 
        [*  [1] [2]] [3]]
      [* 
        [/  [1] [2]] [3]]
    ]
  ]
]
