[program
  [fun-declaration
    [void]
    [main]
    [params]
    [compound-stmt 
      [+  [1] [2]]
      [-  [1] [2]]
    ]
  ]
]
