(1,ID,"this")
(1,ID,"is")
(1,NUM,"9")
(1,ID,"a")
(1,ID,"error")
