(1,ID,"aaa")
(3,ID,"bbb")
(4,ID,"ccc")
(4,ID,"ddd")
