(4,KEY,"int")
(4,ID,"gcd")
(4,SYM,"(")
(4,KEY,"int")
(4,ID,"u")
(4,SYM,",")
(4,KEY,"int")
(4,ID,"v")
(4,SYM,")")
(5,SYM,"{")
(6,KEY,"if")
(6,SYM,"(")
(6,ID,"v")
(6,SYM,"==")
(6,NUM,"0")
(6,SYM,")")
(6,KEY,"return")
(6,ID,"u")
(6,SYM,";")
(7,KEY,"else")
(7,KEY,"return")
(7,ID,"gcd")
(7,SYM,"(")
(7,ID,"v")
(7,SYM,",")
(7,ID,"u")
(7,SYM,"-")
(7,ID,"u")
(7,SYM,"/")
(7,ID,"v")
(7,SYM,"*")
(7,ID,"v")
(7,SYM,")")
(7,SYM,";")
(9,SYM,"}")
(11,KEY,"void")
(11,ID,"main")
(11,SYM,"(")
(11,KEY,"void")
(11,SYM,")")
(12,SYM,"{")
(13,KEY,"int")
(13,ID,"x")
(13,SYM,";")
(14,KEY,"int")
(14,ID,"y")
(14,SYM,";")
(15,ID,"x")
(15,SYM,"=")
(15,ID,"input")
(15,SYM,"(")
(15,SYM,")")
(15,SYM,";")
(16,ID,"y")
(16,SYM,"=")
(16,ID,"input")
(16,SYM,"(")
(16,SYM,")")
(16,SYM,";")
(17,ID,"println")
(17,SYM,"(")
(17,ID,"gcd")
(17,SYM,"(")
(17,ID,"x")
(17,SYM,",")
(17,ID,"y")
(17,SYM,")")
(17,SYM,")")
(17,SYM,";")
(18,SYM,"}")
