(1,KEY,"else")
(2,KEY,"if")
(3,KEY,"int")
(4,KEY,"return")
(5,KEY,"void")
(6,KEY,"while")
(7,ID,"ElSe")
(8,ID,"IF")
(9,ID,"els")
(10,ID,"els")
(10,ID,"e")
(11,ID,"e")
(11,ID,"lse")
(12,ID,"elsee")
(13,ID,"else9")
(14,ID,"eelse")
(15,NUM,"9")
(15,KEY,"else")
