(1,NUM,"00012345678909")
(1,NUM,"184467440737095516159999")
(2,NUM,"123")
(3,SYM,"-")
(3,NUM,"123")
(4,SYM,"+")
(4,NUM,"123")
(5,NUM,"0")
(6,NUM,"9")
(7,NUM,"924")
(7,ID,"a")
