(1,KEY,"int")
(1,ID,"sum")
(1,SYM,"(")
(1,KEY,"int")
(1,ID,"x")
(1,SYM,")")
(1,SYM,"{")
(2,KEY,"if")
(2,SYM,"(")
(2,ID,"x")
(2,SYM,">")
(2,NUM,"0")
(2,SYM,")")
(3,KEY,"return")
(3,ID,"x")
(3,SYM,"+")
(3,ID,"sum")
(3,SYM,"(")
(3,ID,"x")
(3,SYM,"-")
(3,NUM,"1")
(3,SYM,")")
(3,SYM,";")
(4,KEY,"return")
(4,NUM,"0")
(4,SYM,";")
(5,SYM,"}")
(7,KEY,"void")
(7,ID,"main")
(7,SYM,"(")
(7,KEY,"void")
(7,SYM,")")
(7,SYM,"{")
(8,ID,"println")
(8,SYM,"(")
(8,ID,"sum")
(8,SYM,"(")
(8,NUM,"10")
(8,SYM,")")
(8,SYM,")")
(8,SYM,";")
(9,SYM,"}")
