(1,ID,"a")
(1,SYM,"-")
(1,SYM,"=")
(1,ID,"b")
(1,SYM,";")
