(1,NUM,"aaa")
(1,SYM,"/*")
(1,NUM,"not")
(1,NUM,"visible")
(2,NUM,"to")
(2,NUM,"the")
(3,NUM,"scanner")
(3,NUM,"because")
(3,SYM,"*/")
(3,NUM,"bbb")
(3,SYM,"/*")
(3,NUM,"i")
(3,NUM,"am")
(4,NUM,"a")
(4,NUM,"comment")
(4,SYM,"*/")
(4,NUM,"ccc")
(4,SYM,"/*")
(4,SYM,"*/")
(4,NUM,"ddd")
