(1,NUM,"one")
(2,NUM,"two")
(2,SYM,"/*")
(2,NUM,"this")
(2,NUM,"is")
(3,NUM,"nothing")
(4,NUM,"really")
