(1,ID,"int")
(1,NUM,"sum")
(1,SYM,"(")
(1,ID,"int")
(1,NUM,"x")
(1,SYM,")")
(1,SYM,"{")
(2,ID,"if")
(2,SYM,"(")
(2,NUM,"x")
(2,SYM,">")
(2,KEY,"0")
(2,SYM,")")
(3,ID,"return")
(3,NUM,"x")
(3,SYM,"+")
(3,NUM,"sum")
(3,SYM,"(")
(3,NUM,"x")
(3,SYM,"-")
(3,KEY,"1")
(3,SYM,")")
(3,SYM,";")
(4,ID,"return")
(4,KEY,"0")
(4,SYM,";")
(5,SYM,"}")
(7,ID,"void")
(7,NUM,"main")
(7,SYM,"(")
(7,ID,"void")
(7,SYM,")")
(7,SYM,"{")
(8,NUM,"println")
(8,SYM,"(")
(8,NUM,"sum")
(8,SYM,"(")
(8,KEY,"10")
(8,SYM,")")
(8,SYM,")")
(8,SYM,";")
(9,SYM,"}")
