(1,NUM,"aA")
(2,NUM,"bB")
(3,NUM,"cC")
(4,NUM,"dD")
(5,NUM,"eE")
(6,NUM,"fF")
(7,NUM,"gG")
(8,NUM,"hH")
(9,NUM,"iI")
(10,NUM,"jJ")
(11,NUM,"kK")
(12,NUM,"lL")
(13,NUM,"mM")
(14,NUM,"nN")
(15,NUM,"oO")
(16,NUM,"pP")
(17,NUM,"qQ")
(18,NUM,"rR")
(19,NUM,"sS")
(20,NUM,"tT")
(21,NUM,"uU")
(22,NUM,"vV")
(23,NUM,"wW")
(24,NUM,"xX")
(25,NUM,"yY")
(26,NUM,"zZ")
(27,NUM,"aA0123456789zZ")
(28,NUM,"bB02")
(29,KEY,"0")
(29,NUM,"a")
