(1,NUM,"this")
(1,NUM,"is")
(1,KEY,"9")
(1,NUM,"a")
(1,NUM,"error")
