(1,SYM,"/*")
(1,NUM,"A")
(1,NUM,"program")
(1,NUM,"to")
(1,NUM,"perform")
(1,NUM,"Euclid")
'(1,NUM,"s")
(2,NUM,"Algorithm")
(2,NUM,"to")
(2,NUM,"compute")
(2,NUM,"gcd")
(2,ERROR,".")
(2,SYM,"*/")
(4,ID,"int")
(4,NUM,"gcd")
(4,SYM,"(")
(4,ID,"int")
(4,NUM,"u")
(4,SYM,",")
(4,ID,"int")
(4,NUM,"v")
(4,SYM,")")
(5,SYM,"{")
(6,ID,"if")
(6,SYM,"(")
(6,NUM,"v")
(6,SYM,"==")
(6,KEY,"0")
(6,SYM,")")
(6,ID,"return")
(6,NUM,"u")
(6,SYM,";")
(7,ID,"else")
(7,ID,"return")
(7,NUM,"gcd")
(7,SYM,"(")
(7,NUM,"v")
(7,SYM,",")
(7,NUM,"u")
(7,SYM,"-")
(7,NUM,"u")
(7,SYM,"/")
(7,NUM,"v")
(7,SYM,"*")
(7,NUM,"v")
(7,SYM,")")
(7,SYM,";")
(8,SYM,"/*")
(8,NUM,"u")
(8,SYM,"-")
(8,NUM,"u")
(8,SYM,"/")
(8,NUM,"v")
(8,SYM,"*")
(8,NUM,"v")
(8,SYM,"==")
(8,NUM,"u")
(8,NUM,"mod")
(8,NUM,"v")
(8,SYM,"*/")
(9,SYM,"}")
(11,ID,"void")
(11,NUM,"main")
(11,SYM,"(")
(11,ID,"void")
(11,SYM,")")
(12,SYM,"{")
(13,ID,"int")
(13,NUM,"x")
(13,SYM,";")
(14,ID,"int")
(14,NUM,"y")
(14,SYM,";")
(15,NUM,"x")
(15,SYM,"=")
(15,NUM,"input")
(15,SYM,"(")
(15,SYM,")")
(15,SYM,";")
(16,NUM,"y")
(16,SYM,"=")
(16,NUM,"input")
(16,SYM,"(")
(16,SYM,")")
(16,SYM,";")
(17,NUM,"println")
(17,SYM,"(")
(17,NUM,"gcd")
(17,SYM,"(")
(17,NUM,"x")
(17,SYM,",")
(17,NUM,"y")
(17,SYM,")")
(17,SYM,")")
(17,SYM,";")
(18,SYM,"}")
