(1,NUM,"a")
(1,NUM,"b")
(1,NUM,"c")
(1,NUM,"d")
(1,NUM,"e")
(1,SYM,"/*")
(3,NUM,"some")
(4,NUM,"nothing")
(6,SYM,"*/")
(6,NUM,"d")
(11,NUM,"e")
(17,NUM,"f")
