(1,ID,"else")
(2,ID,"if")
(3,ID,"int")
(4,ID,"return")
(5,ID,"void")
(6,ID,"while")
(7,NUM,"ElSe")
(8,NUM,"IF")
(9,NUM,"els")
(10,NUM,"els")
(10,NUM,"e")
(11,NUM,"e")
(11,NUM,"lse")
(12,NUM,"elsee")
(13,NUM,"else9")
(14,NUM,"eelse")
(15,KEY,"9")
(15,ID,"else")
