(1,SYM,"/*")
(1,NUM,"this")
(1,NUM,"is")
(1,NUM,"a")
(1,SYM,"/*")
(1,NUM,"comment")
(1,SYM,"*/")
(1,NUM,"aaa")
(1,SYM,"/*")
(1,NUM,"another")
(1,SYM,"/*")
(1,NUM,"comm")
(1,SYM,"/*")
(1,NUM,"ent")
(1,SYM,"*/")
(1,NUM,"bbb")
