(1,NUM,"a")
(1,SYM,"/*")
(1,SYM,"*/")
(1,SYM,"*/")
(1,SYM,"*/")
(1,SYM,"*/")
(1,NUM,"b")
(1,SYM,"*/")
(1,NUM,"c")
(1,SYM,"/*")
(1,SYM,"*")
(1,SYM,"/*")
(1,SYM,"/")
(1,NUM,"d")
