(1,SYM,"-")
(1,SYM,"-")
(1,NUM,"a")
(1,SYM,"+")
(1,SYM,"+")
(1,SYM,"<=")
(1,KEY,"4")
(1,SYM,">")
(1,SYM,"=")
(1,KEY,"5")
(1,SYM,"/*")
(1,KEY,"88")
(1,SYM,"*/")
(1,SYM,"==")
(1,KEY,"71")
(1,SYM,"-")
(1,KEY,"1")
(1,SYM,"+")
(1,KEY,"2")
(1,SYM,"*")
(1,KEY,"4")
(1,SYM,"/")
(1,SYM,"/")
(1,KEY,"1")
(1,SYM,"<")
(1,KEY,"2")
(1,SYM,";")
(2,NUM,"a")
(2,SYM,",")
(2,NUM,"b")
(2,SYM,";")
(2,NUM,"c")
(2,SYM,")")
(2,NUM,"d")
(2,SYM,"[")
(2,NUM,"e")
(2,SYM,"]")
(2,SYM,"{")
(2,NUM,"f")
(2,SYM,"}")
(2,SYM,"(")
(3,KEY,"91")
(3,SYM,"+")
(3,KEY,"2")
