(1,SYM,"/*")
(1,NUM,"A")
(1,NUM,"program")
(1,NUM,"to")
(1,NUM,"perform")
(1,NUM,"selection")
(1,NUM,"sort")
(1,NUM,"on")
(1,NUM,"a")
(1,KEY,"10")
(1,NUM,"element")
(1,NUM,"array")
(1,SYM,"*/")
(2,ID,"int")
(2,NUM,"x")
(2,SYM,"[")
(2,KEY,"10")
(2,SYM,"]")
(2,SYM,";")
(3,ID,"int")
(3,NUM,"minloc")
(3,SYM,"(")
(3,ID,"int")
(3,NUM,"a")
(3,SYM,"[")
(3,SYM,"]")
(3,SYM,",")
(3,ID,"int")
(3,NUM,"low")
(3,SYM,",")
(3,ID,"int")
(3,NUM,"high")
(3,SYM,")")
(3,SYM,"{")
(4,ID,"int")
(4,NUM,"i")
(4,SYM,";")
(5,ID,"int")
(5,NUM,"x")
(5,SYM,";")
(6,ID,"int")
(6,NUM,"k")
(6,SYM,";")
(7,NUM,"k")
(7,SYM,"=")
(7,NUM,"low")
(7,SYM,";")
(8,NUM,"x")
(8,SYM,"=")
(8,NUM,"a")
(8,SYM,"[")
(8,NUM,"low")
(8,SYM,"]")
(8,SYM,";")
(9,NUM,"i")
(9,SYM,"=")
(9,NUM,"low")
(9,SYM,"+")
(9,KEY,"1")
(9,SYM,";")
(10,ID,"while")
(10,SYM,"(")
(10,NUM,"i")
(10,SYM,"<")
(10,NUM,"high")
(10,SYM,")")
(10,SYM,"{")
(11,ID,"if")
(11,SYM,"(")
(11,NUM,"a")
(11,SYM,"[")
(11,NUM,"i")
(11,SYM,"]")
(11,SYM,"<")
(11,NUM,"x")
(11,SYM,")")
(11,SYM,"{")
(12,NUM,"x")
(12,SYM,"=")
(12,NUM,"a")
(12,SYM,"[")
(12,NUM,"i")
(12,SYM,"]")
(12,SYM,";")
(13,NUM,"k")
(13,SYM,"=")
(13,NUM,"i")
(13,SYM,";")
(14,SYM,"}")
(15,NUM,"i")
(15,SYM,"=")
(15,NUM,"i")
(15,SYM,"+")
(15,KEY,"1")
(15,SYM,";")
(16,SYM,"}")
(17,ID,"return")
(17,NUM,"k")
(17,SYM,";")
(18,SYM,"}")
(19,ID,"void")
(19,NUM,"sort")
(19,SYM,"(")
(19,ID,"int")
(19,NUM,"a")
(19,SYM,"[")
(19,SYM,"]")
(19,SYM,",")
(19,ID,"int")
(19,NUM,"low")
(19,SYM,",")
(19,ID,"int")
(19,NUM,"high")
(19,SYM,")")
(19,SYM,"{")
(20,ID,"int")
(20,NUM,"i")
(20,SYM,";")
(21,ID,"int")
(21,NUM,"k")
(21,SYM,";")
(22,NUM,"i")
(22,SYM,"=")
(22,NUM,"low")
(22,SYM,";")
(23,ID,"while")
(23,SYM,"(")
(23,NUM,"i")
(23,SYM,"<")
(23,NUM,"high")
(23,SYM,"-")
(23,KEY,"1")
(23,SYM,")")
(23,SYM,"{")
(24,ID,"int")
(24,NUM,"t")
(24,SYM,";")
(25,NUM,"k")
(25,SYM,"=")
(25,NUM,"minloc")
(25,SYM,"(")
(25,NUM,"a")
(25,SYM,",")
(25,NUM,"i")
(25,SYM,",")
(25,NUM,"high")
(25,SYM,")")
(25,SYM,";")
(26,NUM,"t")
(26,SYM,"=")
(26,NUM,"a")
(26,SYM,"[")
(26,NUM,"k")
(26,SYM,"]")
(26,SYM,";")
(27,NUM,"a")
(27,SYM,"[")
(27,NUM,"k")
(27,SYM,"]")
(27,SYM,"=")
(27,NUM,"a")
(27,SYM,"[")
(27,NUM,"i")
(27,SYM,"]")
(27,SYM,";")
(28,NUM,"a")
(28,SYM,"[")
(28,NUM,"i")
(28,SYM,"]")
(28,SYM,"=")
(28,NUM,"t")
(28,SYM,";")
(29,NUM,"i")
(29,SYM,"=")
(29,NUM,"i")
(29,SYM,"+")
(29,KEY,"1")
(29,SYM,";")
(30,SYM,"}")
(31,SYM,"}")
(32,ID,"void")
(32,NUM,"main")
(32,SYM,"(")
(32,ID,"void")
(32,SYM,")")
(32,SYM,"{")
(33,ID,"int")
(33,NUM,"i")
(33,SYM,";")
(34,NUM,"i")
(34,SYM,"=")
(34,KEY,"0")
(34,SYM,";")
(35,ID,"while")
(35,SYM,"(")
(35,NUM,"i")
(35,SYM,"<")
(35,KEY,"10")
(35,SYM,")")
(35,SYM,"{")
(36,NUM,"x")
(36,SYM,"[")
(36,NUM,"i")
(36,SYM,"]")
(36,SYM,"=")
(36,NUM,"input")
(36,SYM,"(")
(36,SYM,")")
(36,SYM,";")
(37,NUM,"i")
(37,SYM,"=")
(37,NUM,"i")
(37,SYM,"+")
(37,KEY,"1")
(37,SYM,";")
(38,SYM,"}")
(39,NUM,"sort")
(39,SYM,"(")
(39,NUM,"x")
(39,SYM,",")
(39,KEY,"0")
(39,SYM,",")
(39,KEY,"10")
(39,SYM,")")
(39,SYM,";")
(40,NUM,"i")
(40,SYM,"=")
(40,KEY,"0")
(40,SYM,";")
(41,ID,"while")
(41,SYM,"(")
(41,NUM,"i")
(41,SYM,"<")
(41,KEY,"10")
(41,SYM,")")
(41,SYM,"{")
(42,NUM,"println")
(42,SYM,"(")
(42,NUM,"x")
(42,SYM,"[")
(42,NUM,"i")
(42,SYM,"]")
(42,SYM,")")
(42,SYM,";")
(43,NUM,"i")
(43,SYM,"=")
(43,NUM,"i")
(43,SYM,"+")
(43,KEY,"1")
(43,SYM,";")
(44,SYM,"}")
(45,SYM,"}")
