(2,KEY,"int")
(2,ID,"x")
(2,SYM,"[")
(2,NUM,"10")
(2,SYM,"]")
(2,SYM,";")
(3,KEY,"int")
(3,ID,"minloc")
(3,SYM,"(")
(3,KEY,"int")
(3,ID,"a")
(3,SYM,"[")
(3,SYM,"]")
(3,SYM,",")
(3,KEY,"int")
(3,ID,"low")
(3,SYM,",")
(3,KEY,"int")
(3,ID,"high")
(3,SYM,")")
(3,SYM,"{")
(4,KEY,"int")
(4,ID,"i")
(4,SYM,";")
(5,KEY,"int")
(5,ID,"x")
(5,SYM,";")
(6,KEY,"int")
(6,ID,"k")
(6,SYM,";")
(7,ID,"k")
(7,SYM,"=")
(7,ID,"low")
(7,SYM,";")
(8,ID,"x")
(8,SYM,"=")
(8,ID,"a")
(8,SYM,"[")
(8,ID,"low")
(8,SYM,"]")
(8,SYM,";")
(9,ID,"i")
(9,SYM,"=")
(9,ID,"low")
(9,SYM,"+")
(9,NUM,"1")
(9,SYM,";")
(10,KEY,"while")
(10,SYM,"(")
(10,ID,"i")
(10,SYM,"<")
(10,ID,"high")
(10,SYM,")")
(10,SYM,"{")
(11,KEY,"if")
(11,SYM,"(")
(11,ID,"a")
(11,SYM,"[")
(11,ID,"i")
(11,SYM,"]")
(11,SYM,"<")
(11,ID,"x")
(11,SYM,")")
(11,SYM,"{")
(12,ID,"x")
(12,SYM,"=")
(12,ID,"a")
(12,SYM,"[")
(12,ID,"i")
(12,SYM,"]")
(12,SYM,";")
(13,ID,"k")
(13,SYM,"=")
(13,ID,"i")
(13,SYM,";")
(14,SYM,"}")
(15,ID,"i")
(15,SYM,"=")
(15,ID,"i")
(15,SYM,"+")
(15,NUM,"1")
(15,SYM,";")
(16,SYM,"}")
(17,KEY,"return")
(17,ID,"k")
(17,SYM,";")
(18,SYM,"}")
(19,KEY,"void")
(19,ID,"sort")
(19,SYM,"(")
(19,KEY,"int")
(19,ID,"a")
(19,SYM,"[")
(19,SYM,"]")
(19,SYM,",")
(19,KEY,"int")
(19,ID,"low")
(19,SYM,",")
(19,KEY,"int")
(19,ID,"high")
(19,SYM,")")
(19,SYM,"{")
(20,KEY,"int")
(20,ID,"i")
(20,SYM,";")
(21,KEY,"int")
(21,ID,"k")
(21,SYM,";")
(22,ID,"i")
(22,SYM,"=")
(22,ID,"low")
(22,SYM,";")
(23,KEY,"while")
(23,SYM,"(")
(23,ID,"i")
(23,SYM,"<")
(23,ID,"high")
(23,SYM,"-")
(23,NUM,"1")
(23,SYM,")")
(23,SYM,"{")
(24,KEY,"int")
(24,ID,"t")
(24,SYM,";")
(25,ID,"k")
(25,SYM,"=")
(25,ID,"minloc")
(25,SYM,"(")
(25,ID,"a")
(25,SYM,",")
(25,ID,"i")
(25,SYM,",")
(25,ID,"high")
(25,SYM,")")
(25,SYM,";")
(26,ID,"t")
(26,SYM,"=")
(26,ID,"a")
(26,SYM,"[")
(26,ID,"k")
(26,SYM,"]")
(26,SYM,";")
(27,ID,"a")
(27,SYM,"[")
(27,ID,"k")
(27,SYM,"]")
(27,SYM,"=")
(27,ID,"a")
(27,SYM,"[")
(27,ID,"i")
(27,SYM,"]")
(27,SYM,";")
(28,ID,"a")
(28,SYM,"[")
(28,ID,"i")
(28,SYM,"]")
(28,SYM,"=")
(28,ID,"t")
(28,SYM,";")
(29,ID,"i")
(29,SYM,"=")
(29,ID,"i")
(29,SYM,"+")
(29,NUM,"1")
(29,SYM,";")
(30,SYM,"}")
(31,SYM,"}")
(32,KEY,"void")
(32,ID,"main")
(32,SYM,"(")
(32,KEY,"void")
(32,SYM,")")
(32,SYM,"{")
(33,KEY,"int")
(33,ID,"i")
(33,SYM,";")
(34,ID,"i")
(34,SYM,"=")
(34,NUM,"0")
(34,SYM,";")
(35,KEY,"while")
(35,SYM,"(")
(35,ID,"i")
(35,SYM,"<")
(35,NUM,"10")
(35,SYM,")")
(35,SYM,"{")
(36,ID,"x")
(36,SYM,"[")
(36,ID,"i")
(36,SYM,"]")
(36,SYM,"=")
(36,ID,"input")
(36,SYM,"(")
(36,SYM,")")
(36,SYM,";")
(37,ID,"i")
(37,SYM,"=")
(37,ID,"i")
(37,SYM,"+")
(37,NUM,"1")
(37,SYM,";")
(38,SYM,"}")
(39,ID,"sort")
(39,SYM,"(")
(39,ID,"x")
(39,SYM,",")
(39,NUM,"0")
(39,SYM,",")
(39,NUM,"10")
(39,SYM,")")
(39,SYM,";")
(40,ID,"i")
(40,SYM,"=")
(40,NUM,"0")
(40,SYM,";")
(41,KEY,"while")
(41,SYM,"(")
(41,ID,"i")
(41,SYM,"<")
(41,NUM,"10")
(41,SYM,")")
(41,SYM,"{")
(42,ID,"println")
(42,SYM,"(")
(42,ID,"x")
(42,SYM,"[")
(42,ID,"i")
(42,SYM,"]")
(42,SYM,")")
(42,SYM,";")
(43,ID,"i")
(43,SYM,"=")
(43,ID,"i")
(43,SYM,"+")
(43,NUM,"1")
(43,SYM,";")
(44,SYM,"}")
(45,SYM,"}")
