(1,SYM,"-")
(1,SYM,"-")
(1,ID,"a")
(1,SYM,"+")
(1,SYM,"+")
(1,SYM,"<=")
(1,NUM,"4")
(1,SYM,">")
(1,SYM,"=")
(1,NUM,"5")
(1,SYM,"==")
(1,NUM,"71")
(1,SYM,"-")
(1,NUM,"1")
(1,SYM,"+")
(1,NUM,"2")
(1,SYM,"*")
(1,NUM,"4")
(1,SYM,"/")
(1,SYM,"/")
(1,NUM,"1")
(1,SYM,"<")
(1,NUM,"2")
(1,SYM,";")
(2,ID,"a")
(2,SYM,",")
(2,ID,"b")
(2,SYM,";")
(2,ID,"c")
(2,SYM,")")
(2,ID,"d")
(2,SYM,"[")
(2,ID,"e")
(2,SYM,"]")
(2,SYM,"{")
(2,ID,"f")
(2,SYM,"}")
(2,SYM,"(")
(3,NUM,"91")
(3,SYM,"+")
(3,NUM,"2")
