(1,ID,"a")
(1,ID,"b")
(1,ID,"c")
(1,ID,"d")
(1,ID,"e")
(6,ID,"d")
(11,ID,"e")
(17,ID,"f")
