40
80
37
149
1
1
0
0
0
1
120
-40
3200
0
0
0
1
1
0
1
120
40
3200
2
0
1
0
1
1
0
2
0
1
1
