103
12080
11080
12080
13080
105
101
203
22080
21080
22080
23080
205
201
